  SoulsTracker.PackagedAppShutdownBenchmark -> C:\Users\nonpr\OneDrive\Documents\Code\SoulsTracker\eng\SoulsTracker.PackagedAppShutdownBenchmark\bin\Release\net10.0-windows\SoulsTracker.PackagedAppShutdownBenchmark.dll
C:\Users\nonpr\OneDrive\Documents\Code\SoulsTracker\src\SoulsTracker.Domain\OverlaySnapshot.cs(167,12): error CS0246: The type or namespace name 'BossId' could not be found (are you missing a using directive or an assembly reference?) [C:\Users\nonpr\OneDrive\Documents\Code\SoulsTracker\src\SoulsTracker.Domain\SoulsTracker.Domain.csproj]
C:\Users\nonpr\OneDrive\Documents\Code\SoulsTracker\src\SoulsTracker.Domain\OverlaySnapshot.cs(154,29): error CS0246: The type or namespace name 'BossDefinition' could not be found (are you missing a using directive or an assembly reference?) [C:\Users\nonpr\OneDrive\Documents\Code\SoulsTracker\src\SoulsTracker.Domain\SoulsTracker.Domain.csproj]

Build FAILED.

C:\Users\nonpr\OneDrive\Documents\Code\SoulsTracker\src\SoulsTracker.Domain\OverlaySnapshot.cs(167,12): error CS0246: The type or namespace name 'BossId' could not be found (are you missing a using directive or an assembly reference?) [C:\Users\nonpr\OneDrive\Documents\Code\SoulsTracker\src\SoulsTracker.Domain\SoulsTracker.Domain.csproj]
C:\Users\nonpr\OneDrive\Documents\Code\SoulsTracker\src\SoulsTracker.Domain\OverlaySnapshot.cs(154,29): error CS0246: The type or namespace name 'BossDefinition' could not be found (are you missing a using directive or an assembly reference?) [C:\Users\nonpr\OneDrive\Documents\Code\SoulsTracker\src\SoulsTracker.Domain\SoulsTracker.Domain.csproj]
    0 Warning(s)
    2 Error(s)

Time Elapsed 00:00:00.41
